Error: Sorted input specified, but the file plugins/MergeBED/example//B.bed has the following out of order record
chr21	9928613	9928911	uc002yiq.1	0	-
